W0910 23:17:24.071000 2749 torch/_library/opaque_object.py:288] register_opaque_type is deprecated, use register_custom_class instead
W0910 23:17:24.072000 2749 torch/_library/opaque_object.py:211] typ='value' is deprecated, use typ='constant' instead
W0910 23:17:24.074000 2749 torch/_library/opaque_object.py:381] is_opaque_value_type is deprecated, use is_opaque_constant_type instead
W0910 23:17:24.074000 2749 torch/_library/opaque_object.py:288] register_opaque_type is deprecated, use register_custom_class instead
W0910 23:17:24.074000 2749 torch/_library/opaque_object.py:211] typ='value' is deprecated, use typ='constant' instead
W0910 23:17:24.075000 2749 torch/_library/opaque_object.py:381] is_opaque_value_type is deprecated, use is_opaque_constant_type instead
W0910 23:17:24.075000 2749 torch/_library/opaque_object.py:288] register_opaque_type is deprecated, use register_custom_class instead
W0910 23:17:24.075000 2749 torch/_library/opaque_object.py:211] typ='value' is deprecated, use typ='constant' instead
W0910 23:17:24.139000 2749 torch/_library/opaque_object.py:381] is_opaque_value_type is deprecated, use is_opaque_constant_type instead
W0910 23:17:24.139000 2749 torch/_library/opaque_object.py:288] register_opaque_type is deprecated, use register_custom_class instead
W0910 23:17:24.139000 2749 torch/_library/opaque_object.py:211] typ='value' is deprecated, use typ='constant' instead
W0910 23:17:24.140000 2749 torch/_library/opaque_object.py:381] is_opaque_value_type is deprecated, use is_opaque_constant_type instead
W0910 23:17:24.140000 2749 torch/_library/opaque_object.py:288] register_opaque_type is deprecated, use register_custom_class instead
W0910 23:17:24.140000 2749 torch/_library/opaque_object.py:211] typ='value' is deprecated, use typ='constant' instead
/home/ubuntu/.local/lib/python3.10/site-packages/torch/jit/_script.py:1491: FutureWarning: `torch.jit.script` is deprecated. Please switch to `torch.compile` or `torch.export`.
  warnings.warn(
checkpoint agent_repo_ab.pt: trained max_seq_len=2048  window=1024  global_every_loop=0  n_loops=8
Warning: You are sending unauthenticated requests to the HF Hub. Please set a HF_TOKEN to enable higher rate limits and faster downloads.

 seq_len   CE (all tok)   CE (>2048 only)       ppl    vs 2048
[data] live sources: ['codeparrot', 'rosetta', 'fineweb-edu', 'finemath'] | realised code share 60%
    1024         2.4891                 -     12.05    +0.0000
[data] live sources: ['codeparrot', 'rosetta', 'fineweb-edu', 'finemath'] | realised code share 60%
    2048         1.9443                 -      6.99    -0.5447
[data] live sources: ['codeparrot', 'rosetta', 'fineweb-edu', 'finemath'] | realised code share 60%
    4096         1.4819            1.2611      4.40    -1.0072
[data] live sources: ['codeparrot', 'rosetta', 'fineweb-edu', 'finemath'] | realised code share 60%
    8192         1.2015            1.1596      3.32    -1.2876
[data] live sources: ['codeparrot', 'rosetta', 'fineweb-edu', 'finemath'] | realised code share 60%
   16384         1.3639            1.3589      3.91    -1.1252
'[Errno 9] Bad file descriptor' thrown while requesting GET https://huggingface.co/datasets/HuggingFaceFW/fineweb-edu/resolve/87f09149ef4734204d70ed1d046ddc9ca3f2b8f9/sample/10BT/000_00000.parquet
Retrying in 1s [Retry 1/5].
'Server disconnected without sending a response.' thrown while requesting GET https://huggingface.co/datasets/HuggingFaceTB/finemath/resolve/e92b25a616738fe95dc186b64dfb19f9c8525594/finemath-4plus/train-00000-of-00064.parquet
Retrying in 1s [Retry 1/5].
Fatal Python error: PyGILState_Release: thread state 0x73249982eb10 must be current when releasing
Python runtime state: finalizing (tstate=0x000062e03a1bab60)

Thread 0x000073286666d740 (most recent call first):
  <no Python frame>
