W0911 00:57:11.652000 6228 torch/_library/opaque_object.py:288] register_opaque_type is deprecated, use register_custom_class instead
W0911 00:57:11.652000 6228 torch/_library/opaque_object.py:211] typ='value' is deprecated, use typ='constant' instead
W0911 00:57:11.716000 6228 torch/_library/opaque_object.py:381] is_opaque_value_type is deprecated, use is_opaque_constant_type instead
W0911 00:57:11.716000 6228 torch/_library/opaque_object.py:288] register_opaque_type is deprecated, use register_custom_class instead
W0911 00:57:11.716000 6228 torch/_library/opaque_object.py:211] typ='value' is deprecated, use typ='constant' instead
W0911 00:57:11.717000 6228 torch/_library/opaque_object.py:381] is_opaque_value_type is deprecated, use is_opaque_constant_type instead
W0911 00:57:11.717000 6228 torch/_library/opaque_object.py:288] register_opaque_type is deprecated, use register_custom_class instead
W0911 00:57:11.717000 6228 torch/_library/opaque_object.py:211] typ='value' is deprecated, use typ='constant' instead
W0911 00:57:11.718000 6228 torch/_library/opaque_object.py:381] is_opaque_value_type is deprecated, use is_opaque_constant_type instead
W0911 00:57:11.718000 6228 torch/_library/opaque_object.py:288] register_opaque_type is deprecated, use register_custom_class instead
W0911 00:57:11.718000 6228 torch/_library/opaque_object.py:211] typ='value' is deprecated, use typ='constant' instead
W0911 00:57:11.719000 6228 torch/_library/opaque_object.py:381] is_opaque_value_type is deprecated, use is_opaque_constant_type instead
W0911 00:57:11.719000 6228 torch/_library/opaque_object.py:288] register_opaque_type is deprecated, use register_custom_class instead
W0911 00:57:11.719000 6228 torch/_library/opaque_object.py:211] typ='value' is deprecated, use typ='constant' instead
/home/ubuntu/.local/lib/python3.10/site-packages/torch/jit/_script.py:1491: FutureWarning: `torch.jit.script` is deprecated. Please switch to `torch.compile` or `torch.export`.
  warnings.warn(
Warning: You are sending unauthenticated requests to the HF Hub. Please set a HF_TOKEN to enable higher rate limits and faster downloads.
[scenario] built 20 verified repo scenarios [difficulty=stub] (rejected: 0 no reference, 0 reference fails its own tests, 0 no breakage worked)
W0911 00:57:30.487000 6228 torch/_dynamo/convert_frame.py:2008] [0/8] torch._dynamo hit config.recompile_limit (8)
W0911 00:57:30.487000 6228 torch/_dynamo/convert_frame.py:2008] [0/8]    function: 'flex_attention' (/home/ubuntu/.local/lib/python3.10/site-packages/torch/nn/attention/flex_attention.py:2365)
W0911 00:57:30.487000 6228 torch/_dynamo/convert_frame.py:2008] [0/8]    last reason: 0/1: tensor 'key' size mismatch at index 2. expected 325, actual 484
W0911 00:57:30.487000 6228 torch/_dynamo/convert_frame.py:2008] [0/8] To log all recompilation reasons, use TORCH_LOGS="recompiles".
W0911 00:57:30.487000 6228 torch/_dynamo/convert_frame.py:2008] [0/8] To diagnose recompilation issues, see https://docs.pytorch.org/docs/main/user_guide/torch_compiler/compile/programming_model.recompilation.html
/home/ubuntu/.local/lib/python3.10/site-packages/torch/nn/attention/flex_attention.py:2596: UserWarning: flex_attention called without torch.compile() - this will use an unfused implementation that materializes the full scores matrix instead of generating a fused kernel.

SOLUTION: Use torch.compile(flex_attention)(...)

If you want to debug your score_mod/mask_mod, you can set:
torch.nn.attention.flex_attention._FLEX_ATTENTION_DISABLE_COMPILE_DEBUG = True

This will allow you to use print statements or breakpoints. Note: This doesn't work with the backwards pass and may produce incorrect results.
  _warn_once(

=== sft_stub.pt  tier=stub  20 tasks x 12 samples = 240 episodes ===
pass@1              9.6% +-1.9   (23/240 samples)
pass@12            40.0%          (8/20 tasks ever solved)
any partial credit 11.2%          (27/240 samples with reward>0)
what it left in solution.py: {'valid python': 92, 'syntax error': 49, 'still a stub': 99}

--- 611  reward=1.00 ----------------------------------------
def max_of_nth(test_list, N):
  res = max([sub[N] for sub in test_list])
  return (res)
--- 611  reward=0.00 ----------------------------------------
def max_of_nth(test_list, N):
  res = max(grees(test_list, N-2),],[][]) % Only parameters:
  return (res)
--- 611  reward=0.00 ----------------------------------------
def max_of_nth(test_list, N):
  res = 0
  i = 1
  max_map = {}
  while i <= N:
    test_list.append(test_list[i])
    i += 1
  max_map = {i: i + 1 for i in range(len(test_list))} 
  res = max(res, max_map)
--- 611  reward=0.00 ----------------------------------------
def max_of_nth(test_list, N):
  res = max([test_list[i] for i in range(Nheader.ating_column)])
  return res
--- 611  reward=0.00 ----------------------------------------
def max_of_nth(test_list, N):
   temp = test_list[0] 
   pre = test_list[1] 
   end = access(temp, 1)
   limits = (end - start of temp)
   return (limits[2] + N)
--- 611  reward=0.00 ----------------------------------------
def max_of_nth(test_list, N):
  res = max([test_list[i] for i in range(N])] 
  return (res)
