W0911 11:20:13.966000 59944 torch/_library/opaque_object.py:288] register_opaque_type is deprecated, use register_custom_class instead
W0911 11:20:13.966000 59944 torch/_library/opaque_object.py:211] typ='value' is deprecated, use typ='constant' instead
W0911 11:20:13.969000 59944 torch/_library/opaque_object.py:381] is_opaque_value_type is deprecated, use is_opaque_constant_type instead
W0911 11:20:13.969000 59944 torch/_library/opaque_object.py:288] register_opaque_type is deprecated, use register_custom_class instead
W0911 11:20:13.969000 59944 torch/_library/opaque_object.py:211] typ='value' is deprecated, use typ='constant' instead
W0911 11:20:13.970000 59944 torch/_library/opaque_object.py:381] is_opaque_value_type is deprecated, use is_opaque_constant_type instead
W0911 11:20:13.970000 59944 torch/_library/opaque_object.py:288] register_opaque_type is deprecated, use register_custom_class instead
W0911 11:20:13.970000 59944 torch/_library/opaque_object.py:211] typ='value' is deprecated, use typ='constant' instead
W0911 11:20:14.035000 59944 torch/_library/opaque_object.py:381] is_opaque_value_type is deprecated, use is_opaque_constant_type instead
W0911 11:20:14.035000 59944 torch/_library/opaque_object.py:288] register_opaque_type is deprecated, use register_custom_class instead
W0911 11:20:14.035000 59944 torch/_library/opaque_object.py:211] typ='value' is deprecated, use typ='constant' instead
W0911 11:20:14.035000 59944 torch/_library/opaque_object.py:381] is_opaque_value_type is deprecated, use is_opaque_constant_type instead
W0911 11:20:14.035000 59944 torch/_library/opaque_object.py:288] register_opaque_type is deprecated, use register_custom_class instead
W0911 11:20:14.036000 59944 torch/_library/opaque_object.py:211] typ='value' is deprecated, use typ='constant' instead
/home/ubuntu/.local/lib/python3.10/site-packages/torch/jit/_script.py:1491: FutureWarning: `torch.jit.script` is deprecated. Please switch to `torch.compile` or `torch.export`.
  warnings.warn(
Warning: You are sending unauthenticated requests to the HF Hub. Please set a HF_TOKEN to enable higher rate limits and faster downloads.

=== sft_all.pt  20 tasks x 6 samples = 120 episodes per tier  (T=0.2, loops=8, max_turns=6) ===
tier           pass@1   pass@k   partial   wrote  verified  turns
[scenario] built 20 verified repo scenarios [difficulty=mutate] (rejected: 0 no reference, 0 reference fails its own tests, 0 no breakage worked)
W0911 11:20:32.151000 59944 torch/_dynamo/convert_frame.py:2008] [0/8] torch._dynamo hit config.recompile_limit (8)
W0911 11:20:32.151000 59944 torch/_dynamo/convert_frame.py:2008] [0/8]    function: 'flex_attention' (/home/ubuntu/.local/lib/python3.10/site-packages/torch/nn/attention/flex_attention.py:2365)
W0911 11:20:32.151000 59944 torch/_dynamo/convert_frame.py:2008] [0/8]    last reason: 0/7: tensor 'key' size mismatch at index 2. expected 501, actual 532
W0911 11:20:32.151000 59944 torch/_dynamo/convert_frame.py:2008] [0/8] To log all recompilation reasons, use TORCH_LOGS="recompiles".
W0911 11:20:32.151000 59944 torch/_dynamo/convert_frame.py:2008] [0/8] To diagnose recompilation issues, see https://docs.pytorch.org/docs/main/user_guide/torch_compiler/compile/programming_model.recompilation.html
/home/ubuntu/.local/lib/python3.10/site-packages/torch/nn/attention/flex_attention.py:2596: UserWarning: flex_attention called without torch.compile() - this will use an unfused implementation that materializes the full scores matrix instead of generating a fused kernel.

SOLUTION: Use torch.compile(flex_attention)(...)

If you want to debug your score_mod/mask_mod, you can set:
torch.nn.attention.flex_attention._FLEX_ATTENTION_DISABLE_COMPILE_DEBUG = True

This will allow you to use print statements or breakpoints. Note: This doesn't work with the backwards pass and may produce incorrect results.
  _warn_once(
mutate      95.0% +-2.0      95%     95.0%     98%       95%   5.90   {'valid-python': 117, 'syntax-error': 3}
[scenario] built 20 verified repo scenarios [difficulty=multi] (rejected: 0 no reference, 0 reference fails its own tests, 1 no breakage worked)
multi       95.0% +-2.0      95%     95.0%     96%       95%   5.83   {'valid-python': 119, 'syntax-error': 1}
[scenario] built 20 verified repo scenarios [difficulty=stub] (rejected: 0 no reference, 0 reference fails its own tests, 0 no breakage worked)
stub        87.5% +-3.0      95%     90.0%     94%       88%   5.77   {'valid-python': 113, 'still-a-stub': 7}
[scenario] built 20 verified repo scenarios [difficulty=swap] (rejected: 0 no reference, 0 reference fails its own tests, 0 no breakage worked)
swap        36.7% +-4.4      40%     38.3%     92%       37%   5.68   {'valid-python': 112, 'syntax-error': 8}

mean pass@1 across tiers: 78.5%   (the number a single-tier run cannot tell you)
W0911 11:35:32.061000 61707 torch/_library/opaque_object.py:288] register_opaque_type is deprecated, use register_custom_class instead
W0911 11:35:32.062000 61707 torch/_library/opaque_object.py:211] typ='value' is deprecated, use typ='constant' instead
W0911 11:35:32.064000 61707 torch/_library/opaque_object.py:381] is_opaque_value_type is deprecated, use is_opaque_constant_type instead
W0911 11:35:32.064000 61707 torch/_library/opaque_object.py:288] register_opaque_type is deprecated, use register_custom_class instead
W0911 11:35:32.064000 61707 torch/_library/opaque_object.py:211] typ='value' is deprecated, use typ='constant' instead
W0911 11:35:32.065000 61707 torch/_library/opaque_object.py:381] is_opaque_value_type is deprecated, use is_opaque_constant_type instead
W0911 11:35:32.065000 61707 torch/_library/opaque_object.py:288] register_opaque_type is deprecated, use register_custom_class instead
W0911 11:35:32.065000 61707 torch/_library/opaque_object.py:211] typ='value' is deprecated, use typ='constant' instead
W0911 11:35:32.130000 61707 torch/_library/opaque_object.py:381] is_opaque_value_type is deprecated, use is_opaque_constant_type instead
W0911 11:35:32.130000 61707 torch/_library/opaque_object.py:288] register_opaque_type is deprecated, use register_custom_class instead
W0911 11:35:32.130000 61707 torch/_library/opaque_object.py:211] typ='value' is deprecated, use typ='constant' instead
W0911 11:35:32.131000 61707 torch/_library/opaque_object.py:381] is_opaque_value_type is deprecated, use is_opaque_constant_type instead
W0911 11:35:32.131000 61707 torch/_library/opaque_object.py:288] register_opaque_type is deprecated, use register_custom_class instead
W0911 11:35:32.131000 61707 torch/_library/opaque_object.py:211] typ='value' is deprecated, use typ='constant' instead
/home/ubuntu/.local/lib/python3.10/site-packages/torch/jit/_script.py:1491: FutureWarning: `torch.jit.script` is deprecated. Please switch to `torch.compile` or `torch.export`.
  warnings.warn(
Warning: You are sending unauthenticated requests to the HF Hub. Please set a HF_TOKEN to enable higher rate limits and faster downloads.

=== sft_stub.pt  20 tasks x 6 samples = 120 episodes per tier  (T=0.2, loops=8, max_turns=6) ===
tier           pass@1   pass@k   partial   wrote  verified  turns
[scenario] built 20 verified repo scenarios [difficulty=mutate] (rejected: 0 no reference, 0 reference fails its own tests, 0 no breakage worked)
W0911 11:35:45.373000 61707 torch/_dynamo/convert_frame.py:2008] [0/8] torch._dynamo hit config.recompile_limit (8)
W0911 11:35:45.373000 61707 torch/_dynamo/convert_frame.py:2008] [0/8]    function: 'flex_attention' (/home/ubuntu/.local/lib/python3.10/site-packages/torch/nn/attention/flex_attention.py:2365)
W0911 11:35:45.373000 61707 torch/_dynamo/convert_frame.py:2008] [0/8]    last reason: 0/7: tensor 'key' size mismatch at index 2. expected 501, actual 532
W0911 11:35:45.373000 61707 torch/_dynamo/convert_frame.py:2008] [0/8] To log all recompilation reasons, use TORCH_LOGS="recompiles".
W0911 11:35:45.373000 61707 torch/_dynamo/convert_frame.py:2008] [0/8] To diagnose recompilation issues, see https://docs.pytorch.org/docs/main/user_guide/torch_compiler/compile/programming_model.recompilation.html
/home/ubuntu/.local/lib/python3.10/site-packages/torch/nn/attention/flex_attention.py:2596: UserWarning: flex_attention called without torch.compile() - this will use an unfused implementation that materializes the full scores matrix instead of generating a fused kernel.

SOLUTION: Use torch.compile(flex_attention)(...)

If you want to debug your score_mod/mask_mod, you can set:
torch.nn.attention.flex_attention._FLEX_ATTENTION_DISABLE_COMPILE_DEBUG = True

This will allow you to use print statements or breakpoints. Note: This doesn't work with the backwards pass and may produce incorrect results.
  _warn_once(
mutate      76.7% +-3.9      85%     83.3%     96%       77%   5.83   {'valid-python': 112, 'syntax-error': 8}
[scenario] built 20 verified repo scenarios [difficulty=multi] (rejected: 0 no reference, 0 reference fails its own tests, 1 no breakage worked)
multi       78.3% +-3.8      80%     88.3%     96%       78%   5.83   {'valid-python': 113, 'syntax-error': 7}
[scenario] built 20 verified repo scenarios [difficulty=stub] (rejected: 0 no reference, 0 reference fails its own tests, 0 no breakage worked)
stub        30.8% +-4.2      45%     35.8%     90%       31%   5.60   {'valid-python': 96, 'syntax-error': 12, 'still-a-stub': 12}
[scenario] built 20 verified repo scenarios [difficulty=swap] (rejected: 0 no reference, 0 reference fails its own tests, 0 no breakage worked)
swap         0.0% +-0.0       0%      0.0%     98%        0%   5.90   {'valid-python': 114, 'syntax-error': 6}

mean pass@1 across tiers: 46.5%   (the number a single-tier run cannot tell you)
W0911 11:47:08.412000 63336 torch/_library/opaque_object.py:288] register_opaque_type is deprecated, use register_custom_class instead
W0911 11:47:08.413000 63336 torch/_library/opaque_object.py:211] typ='value' is deprecated, use typ='constant' instead
W0911 11:47:08.415000 63336 torch/_library/opaque_object.py:381] is_opaque_value_type is deprecated, use is_opaque_constant_type instead
W0911 11:47:08.415000 63336 torch/_library/opaque_object.py:288] register_opaque_type is deprecated, use register_custom_class instead
W0911 11:47:08.415000 63336 torch/_library/opaque_object.py:211] typ='value' is deprecated, use typ='constant' instead
W0911 11:47:08.416000 63336 torch/_library/opaque_object.py:381] is_opaque_value_type is deprecated, use is_opaque_constant_type instead
W0911 11:47:08.416000 63336 torch/_library/opaque_object.py:288] register_opaque_type is deprecated, use register_custom_class instead
W0911 11:47:08.416000 63336 torch/_library/opaque_object.py:211] typ='value' is deprecated, use typ='constant' instead
W0911 11:47:08.480000 63336 torch/_library/opaque_object.py:381] is_opaque_value_type is deprecated, use is_opaque_constant_type instead
W0911 11:47:08.480000 63336 torch/_library/opaque_object.py:288] register_opaque_type is deprecated, use register_custom_class instead
W0911 11:47:08.480000 63336 torch/_library/opaque_object.py:211] typ='value' is deprecated, use typ='constant' instead
W0911 11:47:08.481000 63336 torch/_library/opaque_object.py:381] is_opaque_value_type is deprecated, use is_opaque_constant_type instead
W0911 11:47:08.481000 63336 torch/_library/opaque_object.py:288] register_opaque_type is deprecated, use register_custom_class instead
W0911 11:47:08.481000 63336 torch/_library/opaque_object.py:211] typ='value' is deprecated, use typ='constant' instead
/home/ubuntu/.local/lib/python3.10/site-packages/torch/jit/_script.py:1491: FutureWarning: `torch.jit.script` is deprecated. Please switch to `torch.compile` or `torch.export`.
  warnings.warn(
Warning: You are sending unauthenticated requests to the HF Hub. Please set a HF_TOKEN to enable higher rate limits and faster downloads.

=== sft_all.pt  20 tasks x 6 samples = 120 episodes per tier  (T=0.05, loops=8, max_turns=6) ===
tier           pass@1   pass@k   partial   wrote  verified  turns
[scenario] built 20 verified repo scenarios [difficulty=mutate] (rejected: 0 no reference, 0 reference fails its own tests, 0 no breakage worked)
W0911 11:47:24.298000 63336 torch/_dynamo/convert_frame.py:2008] [0/8] torch._dynamo hit config.recompile_limit (8)
W0911 11:47:24.298000 63336 torch/_dynamo/convert_frame.py:2008] [0/8]    function: 'flex_attention' (/home/ubuntu/.local/lib/python3.10/site-packages/torch/nn/attention/flex_attention.py:2365)
W0911 11:47:24.298000 63336 torch/_dynamo/convert_frame.py:2008] [0/8]    last reason: 0/7: tensor 'key' size mismatch at index 2. expected 501, actual 532
W0911 11:47:24.298000 63336 torch/_dynamo/convert_frame.py:2008] [0/8] To log all recompilation reasons, use TORCH_LOGS="recompiles".
W0911 11:47:24.298000 63336 torch/_dynamo/convert_frame.py:2008] [0/8] To diagnose recompilation issues, see https://docs.pytorch.org/docs/main/user_guide/torch_compiler/compile/programming_model.recompilation.html
/home/ubuntu/.local/lib/python3.10/site-packages/torch/nn/attention/flex_attention.py:2596: UserWarning: flex_attention called without torch.compile() - this will use an unfused implementation that materializes the full scores matrix instead of generating a fused kernel.

SOLUTION: Use torch.compile(flex_attention)(...)

If you want to debug your score_mod/mask_mod, you can set:
torch.nn.attention.flex_attention._FLEX_ATTENTION_DISABLE_COMPILE_DEBUG = True

This will allow you to use print statements or breakpoints. Note: This doesn't work with the backwards pass and may produce incorrect results.
  _warn_once(
mutate      95.0% +-2.0      95%     95.0%     95%       95%   5.80   {'valid-python': 120}
[scenario] built 20 verified repo scenarios [difficulty=stub] (rejected: 0 no reference, 0 reference fails its own tests, 0 no breakage worked)
stub        90.0% +-2.7      90%     91.7%     94%       90%   5.77   {'valid-python': 111, 'syntax-error': 2, 'still-a-stub': 7}

mean pass@1 across tiers: 92.5%   (the number a single-tier run cannot tell you)
ALLDONE
