W0911 03:56:11.149000 31393 torch/_library/opaque_object.py:288] register_opaque_type is deprecated, use register_custom_class instead
W0911 03:56:11.149000 31393 torch/_library/opaque_object.py:211] typ='value' is deprecated, use typ='constant' instead
W0911 03:56:11.151000 31393 torch/_library/opaque_object.py:381] is_opaque_value_type is deprecated, use is_opaque_constant_type instead
W0911 03:56:11.152000 31393 torch/_library/opaque_object.py:288] register_opaque_type is deprecated, use register_custom_class instead
W0911 03:56:11.152000 31393 torch/_library/opaque_object.py:211] typ='value' is deprecated, use typ='constant' instead
W0911 03:56:11.152000 31393 torch/_library/opaque_object.py:381] is_opaque_value_type is deprecated, use is_opaque_constant_type instead
W0911 03:56:11.152000 31393 torch/_library/opaque_object.py:288] register_opaque_type is deprecated, use register_custom_class instead
W0911 03:56:11.153000 31393 torch/_library/opaque_object.py:211] typ='value' is deprecated, use typ='constant' instead
W0911 03:56:11.217000 31393 torch/_library/opaque_object.py:381] is_opaque_value_type is deprecated, use is_opaque_constant_type instead
W0911 03:56:11.217000 31393 torch/_library/opaque_object.py:288] register_opaque_type is deprecated, use register_custom_class instead
W0911 03:56:11.217000 31393 torch/_library/opaque_object.py:211] typ='value' is deprecated, use typ='constant' instead
W0911 03:56:11.218000 31393 torch/_library/opaque_object.py:381] is_opaque_value_type is deprecated, use is_opaque_constant_type instead
W0911 03:56:11.218000 31393 torch/_library/opaque_object.py:288] register_opaque_type is deprecated, use register_custom_class instead
W0911 03:56:11.218000 31393 torch/_library/opaque_object.py:211] typ='value' is deprecated, use typ='constant' instead
/home/ubuntu/.local/lib/python3.10/site-packages/torch/jit/_script.py:1491: FutureWarning: `torch.jit.script` is deprecated. Please switch to `torch.compile` or `torch.export`.
  warnings.warn(
Warning: You are sending unauthenticated requests to the HF Hub. Please set a HF_TOKEN to enable higher rate limits and faster downloads.

=== sft_stub.pt  20 tasks x 6 samples = 120 episodes per tier ===
tier           pass@1   pass@k   partial   wrote  verified  turns
[scenario] built 20 verified repo scenarios [difficulty=mutate] (rejected: 0 no reference, 0 reference fails its own tests, 0 no breakage worked)
W0911 03:56:22.904000 31393 torch/_dynamo/convert_frame.py:2008] [0/8] torch._dynamo hit config.recompile_limit (8)
W0911 03:56:22.904000 31393 torch/_dynamo/convert_frame.py:2008] [0/8]    function: 'flex_attention' (/home/ubuntu/.local/lib/python3.10/site-packages/torch/nn/attention/flex_attention.py:2365)
W0911 03:56:22.904000 31393 torch/_dynamo/convert_frame.py:2008] [0/8]    last reason: 0/7: tensor 'key' size mismatch at index 2. expected 493, actual 549
W0911 03:56:22.904000 31393 torch/_dynamo/convert_frame.py:2008] [0/8] To log all recompilation reasons, use TORCH_LOGS="recompiles".
W0911 03:56:22.904000 31393 torch/_dynamo/convert_frame.py:2008] [0/8] To diagnose recompilation issues, see https://docs.pytorch.org/docs/main/user_guide/torch_compiler/compile/programming_model.recompilation.html
/home/ubuntu/.local/lib/python3.10/site-packages/torch/nn/attention/flex_attention.py:2596: UserWarning: flex_attention called without torch.compile() - this will use an unfused implementation that materializes the full scores matrix instead of generating a fused kernel.

SOLUTION: Use torch.compile(flex_attention)(...)

If you want to debug your score_mod/mask_mod, you can set:
torch.nn.attention.flex_attention._FLEX_ATTENTION_DISABLE_COMPILE_DEBUG = True

This will allow you to use print statements or breakpoints. Note: This doesn't work with the backwards pass and may produce incorrect results.
  _warn_once(
mutate      52.5% +-4.6      80%     59.2%     84%       52%   5.23   {'valid-python': 97, 'syntax-error': 23}
[scenario] built 20 verified repo scenarios [difficulty=multi] (rejected: 0 no reference, 0 reference fails its own tests, 1 no breakage worked)
multi       51.7% +-4.6      80%     63.3%     78%       52%   5.06   {'valid-python': 109, 'syntax-error': 11}
[scenario] built 20 verified repo scenarios [difficulty=stub] (rejected: 0 no reference, 0 reference fails its own tests, 0 no breakage worked)
stub         7.5% +-2.4      25%      8.3%     60%        8%   4.28   {'valid-python': 46, 'syntax-error': 26, 'still-a-stub': 48}
[scenario] built 20 verified repo scenarios [difficulty=swap] (rejected: 0 no reference, 0 reference fails its own tests, 0 no breakage worked)
swap         0.0% +-0.0       0%      0.0%     87%        0%   5.32   {'syntax-error': 22, 'valid-python': 98}

mean pass@1 across tiers: 27.9%   (the number a single-tier run cannot tell you)
