W0911 04:29:05.800000 44925 torch/_library/opaque_object.py:288] register_opaque_type is deprecated, use register_custom_class instead
W0911 04:29:05.800000 44925 torch/_library/opaque_object.py:211] typ='value' is deprecated, use typ='constant' instead
W0911 04:29:05.803000 44925 torch/_library/opaque_object.py:381] is_opaque_value_type is deprecated, use is_opaque_constant_type instead
W0911 04:29:05.803000 44925 torch/_library/opaque_object.py:288] register_opaque_type is deprecated, use register_custom_class instead
W0911 04:29:05.803000 44925 torch/_library/opaque_object.py:211] typ='value' is deprecated, use typ='constant' instead
W0911 04:29:05.804000 44925 torch/_library/opaque_object.py:381] is_opaque_value_type is deprecated, use is_opaque_constant_type instead
W0911 04:29:05.804000 44925 torch/_library/opaque_object.py:288] register_opaque_type is deprecated, use register_custom_class instead
W0911 04:29:05.804000 44925 torch/_library/opaque_object.py:211] typ='value' is deprecated, use typ='constant' instead
W0911 04:29:05.868000 44925 torch/_library/opaque_object.py:381] is_opaque_value_type is deprecated, use is_opaque_constant_type instead
W0911 04:29:05.868000 44925 torch/_library/opaque_object.py:288] register_opaque_type is deprecated, use register_custom_class instead
W0911 04:29:05.868000 44925 torch/_library/opaque_object.py:211] typ='value' is deprecated, use typ='constant' instead
W0911 04:29:05.869000 44925 torch/_library/opaque_object.py:381] is_opaque_value_type is deprecated, use is_opaque_constant_type instead
W0911 04:29:05.869000 44925 torch/_library/opaque_object.py:288] register_opaque_type is deprecated, use register_custom_class instead
W0911 04:29:05.869000 44925 torch/_library/opaque_object.py:211] typ='value' is deprecated, use typ='constant' instead
/home/ubuntu/.local/lib/python3.10/site-packages/torch/jit/_script.py:1491: FutureWarning: `torch.jit.script` is deprecated. Please switch to `torch.compile` or `torch.export`.
  warnings.warn(
Warning: You are sending unauthenticated requests to the HF Hub. Please set a HF_TOKEN to enable higher rate limits and faster downloads.

=== sft_stub.pt  20 tasks x 6 samples = 120 episodes per tier  (T=0.2, loops=8, max_turns=6) ===
tier           pass@1   pass@k   partial   wrote  verified  turns
[scenario] built 20 verified repo scenarios [difficulty=mutate] (rejected: 0 no reference, 0 reference fails its own tests, 0 no breakage worked)
W0911 04:29:22.662000 44925 torch/_dynamo/convert_frame.py:2008] [0/8] torch._dynamo hit config.recompile_limit (8)
W0911 04:29:22.662000 44925 torch/_dynamo/convert_frame.py:2008] [0/8]    function: 'flex_attention' (/home/ubuntu/.local/lib/python3.10/site-packages/torch/nn/attention/flex_attention.py:2365)
W0911 04:29:22.662000 44925 torch/_dynamo/convert_frame.py:2008] [0/8]    last reason: 0/7: tensor 'key' size mismatch at index 2. expected 501, actual 532
W0911 04:29:22.662000 44925 torch/_dynamo/convert_frame.py:2008] [0/8] To log all recompilation reasons, use TORCH_LOGS="recompiles".
W0911 04:29:22.662000 44925 torch/_dynamo/convert_frame.py:2008] [0/8] To diagnose recompilation issues, see https://docs.pytorch.org/docs/main/user_guide/torch_compiler/compile/programming_model.recompilation.html
/home/ubuntu/.local/lib/python3.10/site-packages/torch/nn/attention/flex_attention.py:2596: UserWarning: flex_attention called without torch.compile() - this will use an unfused implementation that materializes the full scores matrix instead of generating a fused kernel.

SOLUTION: Use torch.compile(flex_attention)(...)

If you want to debug your score_mod/mask_mod, you can set:
torch.nn.attention.flex_attention._FLEX_ATTENTION_DISABLE_COMPILE_DEBUG = True

This will allow you to use print statements or breakpoints. Note: This doesn't work with the backwards pass and may produce incorrect results.
  _warn_once(
mutate      76.7% +-3.9      85%     83.3%     98%       77%   5.90   {'valid-python': 108, 'syntax-error': 12}
[scenario] built 20 verified repo scenarios [difficulty=stub] (rejected: 0 no reference, 0 reference fails its own tests, 0 no breakage worked)
stub        31.7% +-4.2      45%     35.8%     91%       32%   5.62   {'valid-python': 98, 'still-a-stub': 11, 'syntax-error': 11}

mean pass@1 across tiers: 54.2%   (the number a single-tier run cannot tell you)
W0911 04:36:58.897000 45768 torch/_library/opaque_object.py:288] register_opaque_type is deprecated, use register_custom_class instead
W0911 04:36:58.897000 45768 torch/_library/opaque_object.py:211] typ='value' is deprecated, use typ='constant' instead
W0911 04:36:58.899000 45768 torch/_library/opaque_object.py:381] is_opaque_value_type is deprecated, use is_opaque_constant_type instead
W0911 04:36:58.900000 45768 torch/_library/opaque_object.py:288] register_opaque_type is deprecated, use register_custom_class instead
W0911 04:36:58.900000 45768 torch/_library/opaque_object.py:211] typ='value' is deprecated, use typ='constant' instead
W0911 04:36:58.900000 45768 torch/_library/opaque_object.py:381] is_opaque_value_type is deprecated, use is_opaque_constant_type instead
W0911 04:36:58.900000 45768 torch/_library/opaque_object.py:288] register_opaque_type is deprecated, use register_custom_class instead
W0911 04:36:58.900000 45768 torch/_library/opaque_object.py:211] typ='value' is deprecated, use typ='constant' instead
W0911 04:36:58.965000 45768 torch/_library/opaque_object.py:381] is_opaque_value_type is deprecated, use is_opaque_constant_type instead
W0911 04:36:58.965000 45768 torch/_library/opaque_object.py:288] register_opaque_type is deprecated, use register_custom_class instead
W0911 04:36:58.965000 45768 torch/_library/opaque_object.py:211] typ='value' is deprecated, use typ='constant' instead
W0911 04:36:58.965000 45768 torch/_library/opaque_object.py:381] is_opaque_value_type is deprecated, use is_opaque_constant_type instead
W0911 04:36:58.966000 45768 torch/_library/opaque_object.py:288] register_opaque_type is deprecated, use register_custom_class instead
W0911 04:36:58.966000 45768 torch/_library/opaque_object.py:211] typ='value' is deprecated, use typ='constant' instead
/home/ubuntu/.local/lib/python3.10/site-packages/torch/jit/_script.py:1491: FutureWarning: `torch.jit.script` is deprecated. Please switch to `torch.compile` or `torch.export`.
  warnings.warn(
Warning: You are sending unauthenticated requests to the HF Hub. Please set a HF_TOKEN to enable higher rate limits and faster downloads.

=== sft_stub.pt  20 tasks x 6 samples = 120 episodes per tier  (T=0.5, loops=8, max_turns=6) ===
tier           pass@1   pass@k   partial   wrote  verified  turns
[scenario] built 20 verified repo scenarios [difficulty=mutate] (rejected: 0 no reference, 0 reference fails its own tests, 0 no breakage worked)
W0911 04:37:15.755000 45768 torch/_dynamo/convert_frame.py:2008] [0/8] torch._dynamo hit config.recompile_limit (8)
W0911 04:37:15.755000 45768 torch/_dynamo/convert_frame.py:2008] [0/8]    function: 'flex_attention' (/home/ubuntu/.local/lib/python3.10/site-packages/torch/nn/attention/flex_attention.py:2365)
W0911 04:37:15.755000 45768 torch/_dynamo/convert_frame.py:2008] [0/8]    last reason: 0/0: tensor 'key' size mismatch at index 2. expected 275, actual 370
W0911 04:37:15.755000 45768 torch/_dynamo/convert_frame.py:2008] [0/8] To log all recompilation reasons, use TORCH_LOGS="recompiles".
W0911 04:37:15.755000 45768 torch/_dynamo/convert_frame.py:2008] [0/8] To diagnose recompilation issues, see https://docs.pytorch.org/docs/main/user_guide/torch_compiler/compile/programming_model.recompilation.html
/home/ubuntu/.local/lib/python3.10/site-packages/torch/nn/attention/flex_attention.py:2596: UserWarning: flex_attention called without torch.compile() - this will use an unfused implementation that materializes the full scores matrix instead of generating a fused kernel.

SOLUTION: Use torch.compile(flex_attention)(...)

If you want to debug your score_mod/mask_mod, you can set:
torch.nn.attention.flex_attention._FLEX_ATTENTION_DISABLE_COMPILE_DEBUG = True

This will allow you to use print statements or breakpoints. Note: This doesn't work with the backwards pass and may produce incorrect results.
  _warn_once(
mutate      74.2% +-4.0      85%     82.5%     94%       74%   5.77   {'valid-python': 113, 'syntax-error': 7}
[scenario] built 20 verified repo scenarios [difficulty=stub] (rejected: 0 no reference, 0 reference fails its own tests, 0 no breakage worked)
stub        25.0% +-4.0      45%     33.3%     90%       25%   5.55   {'valid-python': 98, 'still-a-stub': 12, 'syntax-error': 10}

mean pass@1 across tiers: 49.6%   (the number a single-tier run cannot tell you)
SWEEPDONE
